// Jest Snapshot v1, https://goo.gl/fbAQLP

exports[`renders homepage unchanged 1`] = `
<div>
  <div
    class="css-1m65r4j"
    data-testid="wrapper"
  >
    <div
      class="css-q4hjtx"
    >
      <button
        aria-label="Open Menu"
        class="chakra-button css-1s5iq1h"
        data-testid="mobileToggle"
        type="button"
      >
        <svg
          aria-hidden="true"
          class="chakra-icon css-onkibi"
          focusable="false"
          viewBox="0 0 24 24"
        >
          <path
            d="M 3 5 A 1.0001 1.0001 0 1 0 3 7 L 21 7 A 1.0001 1.0001 0 1 0 21 5 L 3 5 z M 3 11 A 1.0001 1.0001 0 1 0 3 13 L 21 13 A 1.0001 1.0001 0 1 0 21 11 L 3 11 z M 3 17 A 1.0001 1.0001 0 1 0 3 19 L 21 19 A 1.0001 1.0001 0 1 0 21 17 L 3 17 z"
            fill="currentColor"
          />
        </svg>
      </button>
      <div
        class="chakra-stack css-chgbhg"
      >
        <div
          class="css-0"
        >
          Logo
        </div>
        <nav
          class="chakra-stack css-1eq794"
        >
          <a
            class="chakra-link css-1hol3b3"
            href="/"
          >
            Home
          </a>
          <a
            class="chakra-link css-1hol3b3"
            href="/about"
          >
            About me
          </a>
        </nav>
      </div>
      <div
        class="css-70qvj9"
      >
        <div
          class="chakra-stack css-15n5qju"
        >
          <button
            class="chakra-button css-4xx2wk"
            data-testid="themeToggle"
            type="button"
          >
            <svg
              class="chakra-icon css-onkibi"
              data-testid="sun"
              focusable="false"
              viewBox="0 0 24 24"
            >
              <g
                fill="none"
                stroke="currentColor"
                stroke-linecap="round"
                stroke-linejoin="round"
                stroke-width="2"
              >
                <circle
                  cx="12"
                  cy="12"
                  r="5"
                />
                <path
                  d="M12 1v2"
                />
                <path
                  d="M12 21v2"
                />
                <path
                  d="M4.22 4.22l1.42 1.42"
                />
                <path
                  d="M18.36 18.36l1.42 1.42"
                />
                <path
                  d="M1 12h2"
                />
                <path
                  d="M21 12h2"
                />
                <path
                  d="M4.22 19.78l1.42-1.42"
                />
                <path
                  d="M18.36 5.64l1.42-1.42"
                />
              </g>
            </svg>
          </button>
          <a
            class="chakra-button css-oulk1f"
            href="#"
          >
            Sign In
          </a>
          <a
            class="chakra-button css-s572k5"
            href="#"
          >
            Sign Up
          </a>
        </div>
      </div>
    </div>
  </div>
  <div
    class="css-2rlxtj"
  >
    <div
      class="main css-0"
    >
      <div
        class="description css-0"
      >
        <h1>
          Hello World
        </h1>
      </div>
    </div>
  </div>
</div>
`;
